// Jest Snapshot v1, https://goo.gl/fbAQLP

exports[`CounterApp Test must match with the snapshot 1`] = `
<div>
  <h1>
    CounterApp
  </h1>
  <h2>
     
    10
     
  </h2>
  <button>
    +1
  </button>
  <button>
    -1
  </button>
  <button>
    Reset
  </button>
</div>
`;
