// Jest Snapshot v1, https://goo.gl/fbAQLP

exports[`GifItem Test should render correctly and match with the snapshot 1`] = `
<div>
  <div
    class="card"
  >
    <img
      alt="GifItem"
      src="https://api.giphy.com/v1/gifs/"
    />
    <p>
      GifItem
    </p>
  </div>
</div>
`;
